// Jest Snapshot v1, https://goo.gl/fbAQLP

exports[`Modal component render without crashing 1`] = `
<div
  className="modal"
>
  <div
    className="modal__container"
  >
    <div
      className="modal__container-header"
    >
      <button
        onClick={[Function]}
      >
        X
      </button>
    </div>
    <div
      className="modal__container-content"
    >
      <h1>
        fearow
         
        <span>
          Pokedex: #
          1
        </span>
      </h1>
      <img
        alt="fearow"
        src="https://raw.githubusercontent.com/PokeAPI/sprites/master/sprites/pokemon/1.png"
      />
      <p>
        Weight: 
      </p>
      <p>
        Price: 
        4
         â‚¬
      </p>
    </div>
  </div>
</div>
`;
